// Jest Snapshot v1, https://goo.gl/fbAQLP

exports[`<Game/> component should render correctly 1`] = `ShallowWrapper {}`;
